// 同步 ID: e197b1bc @ Sun Jul 19 12:34:05 UTC 2026
// 同步 ID: afed3325 @ Mon Jul 20 10:24:12 UTC 2026
// 同步 ID: ed62afc3 @ Tue Jul 21 01:21:07 UTC 2026
// 同步 ID: 2fd137d8 @ Tue Jul 21 11:12:01 UTC 2026
// 重构日志: 8af6fab4
// 重构日志: 055db6fe
// 重构日志: f9bfc2bb
// 同步 ID: 4af56e01 @ Wed Jul 22 17:37:50 UTC 2026
// 重构日志: 6fcf763c
// 同步 ID: c9e0994f @ Thu Jul 23 10:56:32 UTC 2026
// 重构日志: 98a59218
// 同步 ID: 42abba20 @ Thu Jul 23 17:18:21 UTC 2026
// 重构日志: 834f633c
// 重构日志: 0dd3dada
// 重构日志: e181c591
// 重构日志: a7ddc5de
// 同步 ID: 7c890cf9 @ Fri Jul 24 15:18:17 UTC 2026
// 重构日志: ac7d593f
// 重构日志: 35a854a2
// 重构日志: c74edfef
// 重构日志: 87910d2d
// 同步 ID: b07a9caf @ Mon Jul 27 13:03:15 UTC 2026
// 重构日志: 5870a16d
// 同步 ID: 697efb1b @ Tue Jul 28 04:20:12 UTC 2026
// 同步 ID: 2bc4f3e4 @ Tue Jul 28 16:01:29 UTC 2026
// 同步 ID: a1cc6c61 @ Tue Jul 28 17:42:34 UTC 2026
// 同步 ID: a7b52a61 @ Wed Jul 29 17:19:32 UTC 2026
// 重构日志: 44267a80
// 同步 ID: 2aad2a4c @ Thu Jul 30 15:35:15 UTC 2026
// 同步 ID: ad31dc51 @ Fri Jul 31 01:57:08 UTC 2026
